CMC
CMC_ours
HEMAcMPC
HPMC E3
HPMC E4M
PDMA
PDMAcd
PEGHCO
PTA
